<testsuites name="jest tests" tests="5" failures="0" time="1.78">
  <testsuite name="undefined" errors="0" failures="0" skipped="0" timestamp="2020-05-10T06:18:22" time="1.78" tests="5">
    <testcase classname=" initial UI is rendered as expected and button works" name=" initial UI is rendered as expected and button works" time="0.051">
    </testcase>
    <testcase classname=" button adds notes" name=" button adds notes" time="0.01">
    </testcase>
    <testcase classname=" Multiple notes can be added" name=" Multiple notes can be added" time="0.018">
    </testcase>
    <testcase classname=" Switching between buttons work" name=" Switching between buttons work" time="0.043">
    </testcase>
    <testcase classname=" In active tab, dont show completed notes" name=" In active tab, dont show completed notes" time="0.02">
    </testcase>
  </testsuite>
</testsuites>